<html>
<body>
<pre>
<h1>µVision Build Log</h1>
<h2>Tool Versions:</h2>
IDE-Version: µVision V5.37.0.0
Copyright (C) 2022 ARM Ltd and ARM Germany GmbH. All rights reserved.
License Information: Raluca-Ionela Costan, ATM, LIC=----
 
Tool Versions:
Toolchain:       MDK-Lite  Version: 5.37.0.0
Toolchain Path:  D:\armKeil\Core\ARM\ARMCLANG\Bin
C Compiler:      ArmClang.exe V6.18
Assembler:       Armasm.exe V6.18
Linker/Locator:  ArmLink.exe V6.18
Library Manager: ArmAr.exe V6.18
Hex Converter:   FromElf.exe V6.18
CPU DLL:         SARMCM3.DLL V5.37.0.0
Dialog DLL:      DARMCM1.DLL V1.19.6.0
Target DLL:      CMSIS_AGDI.dll V1.33.12.0
Dialog DLL:      TARMCM1.DLL V1.14.6.0
 
<h2>Project:</h2>
D:\An4\Sem1\Microprocesoare\Proiect\Vibratii\senzor_vibratie.uvprojx
Project File Date:  12/19/2022

<h2>Output:</h2>
*** Using Compiler 'V6.18', folder: 'D:\armKeil\Core\ARM\ARMCLANG\Bin'
Rebuild target 'Target 1'
assembling startup_MKL25Z4.s...
main.c(1): warning: In file included from...
./gpio.h(4): warning: no newline at end of file [-Wnewline-eof]
void PORTA_IRQHandler(void);
                            ^
main.c(2): warning: In file included from...
./Uart.h(10): warning: // comments are not allowed in this language [-Wcomment]
void UART0_Transmit(uint8_t data); // Functie folostia pentru a trimite un octet catre interfata UART
                                   ^
main.c(7): warning: // comments are not allowed in this language [-Wcomment]
        UART0_Transmit(0x0D); //Carriage Return
                              ^
main.c(12): warning: mixing declarations and code is a C99 extension [-Wdeclaration-after-statement]
        int i;
            ^
4 warnings generated.
compiling main.c...
compiling system_MKL25Z4.c...
gpio.c(1): warning: In file included from...
./gpio.h(4): warning: no newline at end of file [-Wnewline-eof]
void PORTA_IRQHandler(void);
                            ^
gpio.c(2): warning: In file included from...
./Uart.h(10): warning: // comments are not allowed in this language [-Wcomment]
void UART0_Transmit(uint8_t data); // Functie folostia pentru a trimite un octet catre interfata UART
                                   ^
gpio.c(4): warning: // comments are not allowed in this language [-Wcomment]
#define SWITCH_PIN (12) // PORT A
                        ^
gpio.c(7): warning: no previous extern declaration for non-static variable 'count' [-Wmissing-variable-declarations]
uint8_t count;
        ^
gpio.c(7): note: declare 'static' if the variable is not intended to be used outside of this translation unit
uint8_t count;
^
4 warnings generated.
compiling gpio.c...
Uart.c(1): warning: In file included from...
./Uart.h(10): warning: // comments are not allowed in this language [-Wcomment]
void UART0_Transmit(uint8_t data); // Functie folostia pentru a trimite un octet catre interfata UART
                                   ^
Uart.c(12): warning: // comments are not allowed in this language [-Wcomment]
        //Punem in asteptare pana cand registrul de transmisie a datelor nu este gol
        ^
Uart.c(52): warning: mixing declarations and code is a C99 extension [-Wdeclaration-after-statement]
        uint32_t osr = 15; // Over-Sampling Rate (numarul de esantioane luate per bit-time)
                 ^
3 warnings generated.
compiling Uart.c...
linking...
Program Size: Code=1588 RO-data=212 RW-data=0 ZI-data=400  
".\Objects\senzor_vibratie.axf" - 0 Error(s), 11 Warning(s).

<h2>Software Packages used:</h2>

Package Vendor: ARM
                http://www.keil.com/pack/ARM.CMSIS.5.9.0.pack
                ARM.CMSIS.5.9.0
                CMSIS (Common Microcontroller Software Interface Standard)
   * Component: CORE Version: 5.6.0

Package Vendor: Keil
                http://www.keil.com/pack/Keil.Kinetis_KLxx_DFP.1.15.0.pack
                Keil.Kinetis_KLxx_DFP.1.15.0
                NXP Kinetis KLxx Series Device Support and Examples
   * Component: Startup Version: 2.5.0

<h2>Collection of Component include folders:</h2>
  ./RTE/Device/MKL25Z128xxx4
  ./RTE/_Target_1
  D:/armKeil/Packs/ARM/CMSIS/5.9.0/CMSIS/Core/Include
  D:/armKeil/Packs/Keil/Kinetis_KLxx_DFP/1.15.0/Device/Include

<h2>Collection of Component Files used:</h2>

   * Component: ARM::CMSIS:CORE:5.6.0

   * Component: Keil::Device:Startup:2.5.0
      Source file:   Device/Source/ARM/startup_MKL25Z4.s
      Source file:   Device/Source/system_MKL25Z4.c
      Include file:  Device/Source/system_MKL25Z4.h
Build Time Elapsed:  00:00:01
</pre>
</body>
</html>
